PHPUnit 10.5.46 by Sebastian Bergmann and contributors.

Runtime:       PHP 8.2.12
Configuration: C:\laravel-apps\shipping-app\packages\Quitenoisemaker\ShippingTracker\phpunit.xml


[33;1mD[0m
.
.
.
.
.
.
.
.
.
.
.
.
.
.
.
.
.
.
.
.
.
.
.
.
.                                        26 / 26 (100%)

Time: 00:17.627, Memory: 44.00 MB

[30;43mOK, but there were issues![0m
[30;43mTests: 26[0m[30;43m, Assertions: 56[0m[30;43m, PHPUnit Deprecations: 1[0m[30;43m.[0m
